---
source: src/tests/golden.rs
expression: "screen_snapshot(&state.render_ui(16, SIDEBAR))"
---
────────────────────────────────
▲ fujin  [tri]
────────────────────────────────
▌ × alpha                 tab1  
  ◆ bravo                 tab1
  » delta                 tab2







────────────────────────────────
  ?:help  esc:back
